[calculator-f6a8e.firebaseapp.com/index.html]
[backblue.gif]
[fade.gif]
[index.html]
[calculator-f6a8e.firebaseapp.com/script.js]
[calculator-f6a8e.firebaseapp.com/style.css]
[ajax.googleapis.com/ajax/libs/jquery/3.4.1/jquery.min.js]
[ajax.googleapis.com/ajax/libs/jquerymobile/1.4.5/jquery.mobile.min.js]
[calculator-f6a8e.firebaseapp.com/__/firebase/7.0.0/firebase-app.js]
[calculator-f6a8e.firebaseapp.com/__/firebase/7.0.0/firebase-analytics.js]
[calculator-f6a8e.firebaseapp.com/__/firebase/init.js]
[calculator-f6a8e.firebaseapp.com/index.html]
[calculator-f6a8e.firebaseapp.com/style.css]
[ajax.googleapis.com/ajax/libs/jquerymobile/1.4.5/images/icons-png/action-white.png]
[ajax.googleapis.com/ajax/libs/jquerymobile/1.4.5/images/icons-png/alert-white.png]
[ajax.googleapis.com/ajax/libs/jquerymobile/1.4.5/images/icons-png/arrow-d-l-white.png]
[ajax.googleapis.com/ajax/libs/jquerymobile/1.4.5/images/icons-png/arrow-d-r-white.png]
[ajax.googleapis.com/ajax/libs/jquerymobile/1.4.5/images/icons-png/arrow-d-white.png]
[ajax.googleapis.com/ajax/libs/jquerymobile/1.4.5/images/icons-png/arrow-l-white.png]
[ajax.googleapis.com/ajax/libs/jquerymobile/1.4.5/images/icons-png/arrow-r-white.png]
[ajax.googleapis.com/ajax/libs/jquerymobile/1.4.5/images/icons-png/arrow-u-l-white.png]
[ajax.googleapis.com/ajax/libs/jquerymobile/1.4.5/images/icons-png/arrow-u-r-white.png]
[ajax.googleapis.com/ajax/libs/jquerymobile/1.4.5/images/icons-png/arrow-u-white.png]
[ajax.googleapis.com/ajax/libs/jquerymobile/1.4.5/images/icons-png/audio-white.png]
[ajax.googleapis.com/ajax/libs/jquerymobile/1.4.5/images/icons-png/back-white.png]
[ajax.googleapis.com/ajax/libs/jquerymobile/1.4.5/images/icons-png/bars-white.png]
[ajax.googleapis.com/ajax/libs/jquerymobile/1.4.5/images/icons-png/bullets-white.png]
[ajax.googleapis.com/ajax/libs/jquerymobile/1.4.5/images/icons-png/calendar-white.png]
[ajax.googleapis.com/ajax/libs/jquerymobile/1.4.5/images/icons-png/camera-white.png]
[ajax.googleapis.com/ajax/libs/jquerymobile/1.4.5/images/icons-png/carat-d-white.png]
[ajax.googleapis.com/ajax/libs/jquerymobile/1.4.5/images/icons-png/carat-l-white.png]
[ajax.googleapis.com/ajax/libs/jquerymobile/1.4.5/images/icons-png/carat-r-white.png]
[ajax.googleapis.com/ajax/libs/jquerymobile/1.4.5/images/icons-png/carat-u-white.png]
[ajax.googleapis.com/ajax/libs/jquerymobile/1.4.5/images/icons-png/check-white.png]
[ajax.googleapis.com/ajax/libs/jquerymobile/1.4.5/images/icons-png/clock-white.png]
[ajax.googleapis.com/ajax/libs/jquerymobile/1.4.5/images/icons-png/cloud-white.png]
[ajax.googleapis.com/ajax/libs/jquerymobile/1.4.5/images/icons-png/comment-white.png]
[ajax.googleapis.com/ajax/libs/jquerymobile/1.4.5/images/icons-png/delete-white.png]
[ajax.googleapis.com/ajax/libs/jquerymobile/1.4.5/images/icons-png/edit-white.png]
[ajax.googleapis.com/ajax/libs/jquerymobile/1.4.5/images/icons-png/eye-white.png]
[ajax.googleapis.com/ajax/libs/jquerymobile/1.4.5/images/icons-png/forbidden-white.png]
[ajax.googleapis.com/ajax/libs/jquerymobile/1.4.5/images/icons-png/forward-white.png]
[ajax.googleapis.com/ajax/libs/jquerymobile/1.4.5/images/icons-png/gear-white.png]
[ajax.googleapis.com/ajax/libs/jquerymobile/1.4.5/images/icons-png/grid-white.png]
[ajax.googleapis.com/ajax/libs/jquerymobile/1.4.5/images/icons-png/heart-white.png]
[ajax.googleapis.com/ajax/libs/jquerymobile/1.4.5/images/icons-png/home-white.png]
[ajax.googleapis.com/ajax/libs/jquerymobile/1.4.5/images/icons-png/info-white.png]
[ajax.googleapis.com/ajax/libs/jquerymobile/1.4.5/images/icons-png/location-white.png]
[ajax.googleapis.com/ajax/libs/jquerymobile/1.4.5/images/icons-png/lock-white.png]
[ajax.googleapis.com/ajax/libs/jquerymobile/1.4.5/images/icons-png/mail-white.png]
[ajax.googleapis.com/ajax/libs/jquerymobile/1.4.5/images/icons-png/minus-white.png]
[ajax.googleapis.com/ajax/libs/jquerymobile/1.4.5/images/icons-png/navigation-white.png]
[ajax.googleapis.com/ajax/libs/jquerymobile/1.4.5/images/icons-png/phone-white.png]
[ajax.googleapis.com/ajax/libs/jquerymobile/1.4.5/images/icons-png/plus-white.png]
[ajax.googleapis.com/ajax/libs/jquerymobile/1.4.5/images/icons-png/power-white.png]
[ajax.googleapis.com/ajax/libs/jquerymobile/1.4.5/images/icons-png/recycle-white.png]
[ajax.googleapis.com/ajax/libs/jquerymobile/1.4.5/images/icons-png/refresh-white.png]
[ajax.googleapis.com/ajax/libs/jquerymobile/1.4.5/images/icons-png/search-white.png]
[ajax.googleapis.com/ajax/libs/jquerymobile/1.4.5/images/icons-png/shop-white.png]
[ajax.googleapis.com/ajax/libs/jquerymobile/1.4.5/images/icons-png/star-white.png]
[ajax.googleapis.com/ajax/libs/jquerymobile/1.4.5/images/icons-png/tag-white.png]
[ajax.googleapis.com/ajax/libs/jquerymobile/1.4.5/images/icons-png/user-white.png]
[ajax.googleapis.com/ajax/libs/jquerymobile/1.4.5/images/icons-png/video-white.png]
[ajax.googleapis.com/ajax/libs/jquerymobile/1.4.5/images/icons-png/action-black.png]
[ajax.googleapis.com/ajax/libs/jquerymobile/1.4.5/images/icons-png/alert-black.png]
[ajax.googleapis.com/ajax/libs/jquerymobile/1.4.5/images/icons-png/arrow-d-black.png]
[ajax.googleapis.com/ajax/libs/jquerymobile/1.4.5/images/icons-png/arrow-d-l-black.png]
[ajax.googleapis.com/ajax/libs/jquerymobile/1.4.5/images/icons-png/arrow-d-r-black.png]
[ajax.googleapis.com/ajax/libs/jquerymobile/1.4.5/images/icons-png/arrow-l-black.png]
[ajax.googleapis.com/ajax/libs/jquerymobile/1.4.5/images/icons-png/arrow-r-black.png]
[ajax.googleapis.com/ajax/libs/jquerymobile/1.4.5/images/icons-png/arrow-u-black.png]
[ajax.googleapis.com/ajax/libs/jquerymobile/1.4.5/images/icons-png/arrow-u-l-black.png]
[ajax.googleapis.com/ajax/libs/jquerymobile/1.4.5/images/icons-png/arrow-u-r-black.png]
[ajax.googleapis.com/ajax/libs/jquerymobile/1.4.5/images/icons-png/audio-black.png]
[ajax.googleapis.com/ajax/libs/jquerymobile/1.4.5/images/icons-png/back-black.png]
[ajax.googleapis.com/ajax/libs/jquerymobile/1.4.5/images/icons-png/bars-black.png]
[ajax.googleapis.com/ajax/libs/jquerymobile/1.4.5/images/icons-png/bullets-black.png]
[ajax.googleapis.com/ajax/libs/jquerymobile/1.4.5/images/icons-png/calendar-black.png]
[ajax.googleapis.com/ajax/libs/jquerymobile/1.4.5/images/icons-png/camera-black.png]
[ajax.googleapis.com/ajax/libs/jquerymobile/1.4.5/images/icons-png/carat-d-black.png]
[ajax.googleapis.com/ajax/libs/jquerymobile/1.4.5/images/icons-png/carat-l-black.png]
[ajax.googleapis.com/ajax/libs/jquerymobile/1.4.5/images/icons-png/carat-r-black.png]
[ajax.googleapis.com/ajax/libs/jquerymobile/1.4.5/images/icons-png/carat-u-black.png]
[ajax.googleapis.com/ajax/libs/jquerymobile/1.4.5/images/icons-png/check-black.png]
[ajax.googleapis.com/ajax/libs/jquerymobile/1.4.5/images/icons-png/clock-black.png]
[ajax.googleapis.com/ajax/libs/jquerymobile/1.4.5/images/icons-png/cloud-black.png]
[ajax.googleapis.com/ajax/libs/jquerymobile/1.4.5/images/icons-png/comment-black.png]
[ajax.googleapis.com/ajax/libs/jquerymobile/1.4.5/images/icons-png/delete-black.png]
[ajax.googleapis.com/ajax/libs/jquerymobile/1.4.5/images/icons-png/edit-black.png]
[ajax.googleapis.com/ajax/libs/jquerymobile/1.4.5/images/icons-png/eye-black.png]
[ajax.googleapis.com/ajax/libs/jquerymobile/1.4.5/images/icons-png/forbidden-black.png]
[ajax.googleapis.com/ajax/libs/jquerymobile/1.4.5/images/icons-png/forward-black.png]
[ajax.googleapis.com/ajax/libs/jquerymobile/1.4.5/images/icons-png/gear-black.png]
[ajax.googleapis.com/ajax/libs/jquerymobile/1.4.5/images/icons-png/grid-black.png]
[ajax.googleapis.com/ajax/libs/jquerymobile/1.4.5/images/icons-png/heart-black.png]
[ajax.googleapis.com/ajax/libs/jquerymobile/1.4.5/images/icons-png/home-black.png]
[ajax.googleapis.com/ajax/libs/jquerymobile/1.4.5/images/icons-png/info-black.png]
[ajax.googleapis.com/ajax/libs/jquerymobile/1.4.5/images/icons-png/location-black.png]
[ajax.googleapis.com/ajax/libs/jquerymobile/1.4.5/images/icons-png/lock-black.png]
[ajax.googleapis.com/ajax/libs/jquerymobile/1.4.5/images/icons-png/mail-black.png]
[ajax.googleapis.com/ajax/libs/jquerymobile/1.4.5/images/icons-png/minus-black.png]
[ajax.googleapis.com/ajax/libs/jquerymobile/1.4.5/images/icons-png/navigation-black.png]
[ajax.googleapis.com/ajax/libs/jquerymobile/1.4.5/images/icons-png/phone-black.png]
[ajax.googleapis.com/ajax/libs/jquerymobile/1.4.5/images/icons-png/plus-black.png]
[ajax.googleapis.com/ajax/libs/jquerymobile/1.4.5/images/icons-png/power-black.png]
[ajax.googleapis.com/ajax/libs/jquerymobile/1.4.5/images/icons-png/recycle-black.png]
[ajax.googleapis.com/ajax/libs/jquerymobile/1.4.5/images/icons-png/refresh-black.png]
[ajax.googleapis.com/ajax/libs/jquerymobile/1.4.5/images/icons-png/search-black.png]
[ajax.googleapis.com/ajax/libs/jquerymobile/1.4.5/images/icons-png/shop-black.png]
[ajax.googleapis.com/ajax/libs/jquerymobile/1.4.5/images/icons-png/star-black.png]
[ajax.googleapis.com/ajax/libs/jquerymobile/1.4.5/images/icons-png/tag-black.png]
[ajax.googleapis.com/ajax/libs/jquerymobile/1.4.5/images/icons-png/user-black.png]
[ajax.googleapis.com/ajax/libs/jquerymobile/1.4.5/images/icons-png/video-black.png]
[ajax.googleapis.com/ajax/libs/jquerymobile/1.4.5/images/ajax-loader.gif]
[ajax.googleapis.com/ajax/libs/jquerymobile/1.4.5/jquery.mobile.min.css]
